
> frontend@0.0.0 build
> vite build

vite v7.3.1 building client environment for production...
transforming...
✓ 2871 modules transformed.
rendering chunks...
[plugin vite:reporter] 
(!) /home/bea/chapuu/chapuu-web-frontend/node_modules/react-hot-toast/dist/index.mjs is dynamically imported by /home/bea/chapuu/chapuu-web-frontend/src/api/client.js, /home/bea/chapuu/chapuu-web-frontend/src/store/useStore.js, /home/bea/chapuu/chapuu-web-frontend/src/store/useStore.js but also statically imported by /home/bea/chapuu/chapuu-web-frontend/src/App.jsx, /home/bea/chapuu/chapuu-web-frontend/src/pages/AdminDashboard.jsx, /home/bea/chapuu/chapuu-web-frontend/src/pages/Checkout.jsx, /home/bea/chapuu/chapuu-web-frontend/src/pages/CustomerDashboard.jsx, /home/bea/chapuu/chapuu-web-frontend/src/pages/CustomerOrders.jsx, /home/bea/chapuu/chapuu-web-frontend/src/pages/DiscoverPage.jsx, /home/bea/chapuu/chapuu-web-frontend/src/pages/InventoryDashboard.jsx, /home/bea/chapuu/chapuu-web-frontend/src/pages/Login.jsx, /home/bea/chapuu/chapuu-web-frontend/src/pages/OrderConfirmation.jsx, /home/bea/chapuu/chapuu-web-frontend/src/pages/OrderTracker.jsx, /home/bea/chapuu/chapuu-web-frontend/src/pages/ReservationForm.jsx, /home/bea/chapuu/chapuu-web-frontend/src/pages/ReservationManager.jsx, /home/bea/chapuu/chapuu-web-frontend/src/pages/ScanHandler.jsx, /home/bea/chapuu/chapuu-web-frontend/src/pages/SellerDashboard.jsx, /home/bea/chapuu/chapuu-web-frontend/src/pages/Signup.jsx, /home/bea/chapuu/chapuu-web-frontend/src/pages/StoreSelection.jsx, /home/bea/chapuu/chapuu-web-frontend/src/pages/TableQRCodes.jsx, /home/bea/chapuu/chapuu-web-frontend/src/pages/seller/MenuBuilder.jsx, /home/bea/chapuu/chapuu-web-frontend/src/pages/seller/SellerAnalytics.jsx, /home/bea/chapuu/chapuu-web-frontend/src/pages/staff/DeliveryDashboard.jsx, dynamic import will not move module into another chunk.

computing gzip size...
dist/index.html                   0.76 kB │ gzip:   0.36 kB
dist/assets/index-rfGqy1eW.css  110.38 kB │ gzip:  15.42 kB
dist/assets/qr-Ce_DHD_b.js       16.43 kB │ gzip:   6.15 kB
dist/assets/vendor-CbbxuG43.js   48.82 kB │ gzip:  17.30 kB
dist/assets/motion-ZqfLOaYM.js  122.83 kB │ gzip:  40.57 kB
dist/assets/charts-oxf9cWTD.js  379.01 kB │ gzip: 111.49 kB
dist/assets/index-Cxq7pPO6.js   479.03 kB │ gzip: 132.37 kB
✓ built in 5.91s
